exports[`Rangeslider specs should match snapshot 1`] = `
<div
  className="rangeslider rangeslider-horizontal"
  onMouseDown={[Function anonymous]}
  onMouseUp={[Function anonymous]}
  onTouchEnd={[Function anonymous]}
  onTouchStart={[Function anonymous]}>
  <div
    className="rangeslider__fill"
    style={
      Object {
        "width": "0px"
      }
    } />
  <div
    className="rangeslider__handle"
    onMouseDown={[Function anonymous]}
    onTouchEnd={[Function anonymous]}
    onTouchMove={[Function anonymous]}
    style={
      Object {
        "left": "0px"
      }
    }>
    <div
      className="rangeslider__tooltip">
      <span>
        0
      </span>
    </div>
  </div>
</div>
`;
